---
source: crates/voom-cli/tests/compliance_envelope.rs
expression: json
---
{
  "schema_version": "0",
  "command": "compliance",
  "status": "ok",
  "data": {
    "report": {
      "schema_version": 1,
      "report_id": "report_c8e42ce3c8beb771",
      "report_hash": "blake3:4e187202a261f10c22bf2ea013a55347610812d84bcff6d0f0034acd6d06a486",
      "plan_id": "plan_9b91a8a65c1b844e",
      "plan_hash": "blake3:9b91a8a65c1b844e83af1f0d2756cd29f996efa7b4d5d3c977df5dd2d3c1a32c",
      "policy": {
        "slug": "container-metadata",
        "source_hash": "efc80d0415953f5ed3fa23a052d98561c4153bbfb346f579ccf9270281c1f89b",
        "document_id": 1,
        "version_id": 1
      },
      "input": {
        "slug": "synthetic-noncompliant-transcode-needed",
        "input_set_id": 1,
        "fixture_labels": [
          "synthetic_noncompliant_transcode_needed"
        ]
      },
      "summary": {
        "status": "mixed",
        "total_check_count": 4,
        "compliant_check_count": 0,
        "noncompliant_check_count": 1,
        "blocked_check_count": 3,
        "executable_check_count": 1,
        "operation_counts_by_kind": {
          "clear_tags": 1,
          "delete_tag": 1,
          "remux": 1,
          "set_tag": 1
        }
      },
      "checks": [
        {
          "check_id": "check_9a6709fa2dc176ea",
          "node_id": "node_a2985ff8ff45d281",
          "target": {
            "type": "synthetic",
            "key": "variant-1",
            "kind": "media_variant"
          },
          "compliance_kind": "container",
          "operation_kind": "remux",
          "desired_state": {
            "type": "remux",
            "container": "mkv",
            "track_actions": [],
            "track_order": [
              "video",
              "audio",
              "subtitle"
            ],
            "defaults": []
          },
          "observed_state": {
            "container": "mp4"
          },
          "check_status": "noncompliant",
          "reason": "container mp4 will be changed to mkv",
          "issue_action_hint": "create_or_update_planned",
          "execution_eligibility": "supported"
        },
        {
          "check_id": "check_69cdf105645c9fea",
          "node_id": "node_810a976b823236df",
          "target": {
            "type": "synthetic",
            "key": "variant-1",
            "kind": "media_variant"
          },
          "compliance_kind": "unsupported",
          "operation_kind": "clear_tags",
          "desired_state": {
            "type": "clear_tags"
          },
          "check_status": "blocked",
          "reason": "operation is not supported by the planner",
          "issue_action_hint": "none",
          "execution_eligibility": "unsupported"
        },
        {
          "check_id": "check_0578b4a26491852a",
          "node_id": "node_49b773aa85d91815",
          "target": {
            "type": "synthetic",
            "key": "variant-1",
            "kind": "media_variant"
          },
          "compliance_kind": "unsupported",
          "operation_kind": "set_tag",
          "desired_state": {
            "type": "set_tag",
            "key": "title",
            "value": {
              "type": "field_path",
              "path": [
                "identity",
                "title"
              ]
            }
          },
          "check_status": "blocked",
          "reason": "operation is not supported by the planner",
          "issue_action_hint": "none",
          "execution_eligibility": "unsupported"
        },
        {
          "check_id": "check_43cefe8656099322",
          "node_id": "node_41195a59cc88f9d4",
          "target": {
            "type": "synthetic",
            "key": "variant-1",
            "kind": "media_variant"
          },
          "compliance_kind": "unsupported",
          "operation_kind": "delete_tag",
          "desired_state": {
            "type": "delete_tag",
            "key": "encoder"
          },
          "check_status": "blocked",
          "reason": "operation is not supported by the planner",
          "issue_action_hint": "none",
          "execution_eligibility": "unsupported"
        }
      ],
      "diagnostics": [
        {
          "severity": "warning",
          "code": "unsupported_compliance_operation",
          "message": "operation clear_tags is not supported by compliance reports",
          "plan_id": "plan_9b91a8a65c1b844e",
          "node_id": "node_810a976b823236df",
          "check_id": "check_69cdf105645c9fea",
          "target": {
            "type": "synthetic",
            "key": "variant-1",
            "kind": "media_variant"
          }
        },
        {
          "severity": "warning",
          "code": "unsupported_compliance_operation",
          "message": "operation set_tag is not supported by compliance reports",
          "plan_id": "plan_9b91a8a65c1b844e",
          "node_id": "node_49b773aa85d91815",
          "check_id": "check_0578b4a26491852a",
          "target": {
            "type": "synthetic",
            "key": "variant-1",
            "kind": "media_variant"
          }
        },
        {
          "severity": "warning",
          "code": "unsupported_compliance_operation",
          "message": "operation delete_tag is not supported by compliance reports",
          "plan_id": "plan_9b91a8a65c1b844e",
          "node_id": "node_41195a59cc88f9d4",
          "check_id": "check_43cefe8656099322",
          "target": {
            "type": "synthetic",
            "key": "variant-1",
            "kind": "media_variant"
          }
        }
      ],
      "provenance": {
        "reporter": "voom-plan",
        "format": "sprint6-v1"
      }
    },
    "issues": {
      "created_count": 1,
      "updated_count": 0,
      "resolved_count": 0,
      "skipped_count": 3
    }
  },
  "local": {
    "db_url": "[db-url]",
    "config_path": "[config-path]"
  },
  "warnings": [],
  "error": null
}
