---
source: crates/voom-cli/tests/compliance_envelope.rs
assertion_line: 67
expression: json
---
{
  "schema_version": "0",
  "command": "compliance",
  "status": "error",
  "data": {
    "report": {
      "schema_version": 1,
      "report_id": "report_1ea8dec9b95c14ae",
      "report_hash": "blake3:c789514e4f443faf1b96642c4700eeb486e6cd03a07d681e65e25883e9b894cb",
      "plan_id": "plan_f8690c76cc62bd8c",
      "plan_hash": "blake3:f8690c76cc62bd8cb59d2ef54933d3c557bf20927e8318b686163e44e7b9ed34",
      "policy": {
        "slug": "container-metadata",
        "source_hash": "507b8505b197398ad3c71f966880f50b5a60cec812cab36f7f7409cdb68fd5c3",
        "document_id": 1,
        "version_id": 1
      },
      "input": {
        "slug": "synthetic-noncompliant-transcode-needed",
        "input_set_id": 1,
        "fixture_labels": [
          "synthetic_noncompliant_transcode_needed"
        ]
      },
      "summary": {
        "status": "mixed",
        "total_check_count": 4,
        "compliant_check_count": 0,
        "noncompliant_check_count": 1,
        "blocked_check_count": 3,
        "executable_check_count": 1,
        "operation_counts_by_kind": {
          "clear_tags": 1,
          "delete_tag": 1,
          "remux": 1,
          "set_tag": 1
        }
      },
      "checks": [
        {
          "check_id": "check_b743497eedb1879e",
          "node_id": "node_a2985ff8ff45d281",
          "target": {
            "type": "synthetic",
            "key": "variant-1",
            "kind": "media_variant"
          },
          "compliance_kind": "container",
          "operation_kind": "remux",
          "desired_state": {
            "type": "remux",
            "container": "mkv",
            "track_actions": [],
            "track_order": [
              "video",
              "audio",
              "subtitle"
            ],
            "defaults": []
          },
          "observed_state": {
            "container": "mp4"
          },
          "check_status": "noncompliant",
          "reason": "container mp4 will be changed to mkv",
          "issue_action_hint": "create_or_update_planned",
          "execution_eligibility": "supported"
        },
        {
          "check_id": "check_0886badfc58122ef",
          "node_id": "node_810a976b823236df",
          "target": {
            "type": "synthetic",
            "key": "variant-1",
            "kind": "media_variant"
          },
          "compliance_kind": "unsupported",
          "operation_kind": "clear_tags",
          "desired_state": {
            "type": "clear_tags"
          },
          "check_status": "blocked",
          "reason": "operation is not supported by Sprint 5 planner",
          "issue_action_hint": "none",
          "execution_eligibility": "unsupported"
        },
        {
          "check_id": "check_d63a7ae2ffd3836f",
          "node_id": "node_49b773aa85d91815",
          "target": {
            "type": "synthetic",
            "key": "variant-1",
            "kind": "media_variant"
          },
          "compliance_kind": "unsupported",
          "operation_kind": "set_tag",
          "desired_state": {
            "type": "set_tag",
            "key": "title",
            "value": {
              "type": "field_path",
              "path": [
                "identity",
                "title"
              ]
            }
          },
          "check_status": "blocked",
          "reason": "operation is not supported by Sprint 5 planner",
          "issue_action_hint": "none",
          "execution_eligibility": "unsupported"
        },
        {
          "check_id": "check_a34f4fd8e32b3b89",
          "node_id": "node_41195a59cc88f9d4",
          "target": {
            "type": "synthetic",
            "key": "variant-1",
            "kind": "media_variant"
          },
          "compliance_kind": "unsupported",
          "operation_kind": "delete_tag",
          "desired_state": {
            "type": "delete_tag",
            "key": "encoder"
          },
          "check_status": "blocked",
          "reason": "operation is not supported by Sprint 5 planner",
          "issue_action_hint": "none",
          "execution_eligibility": "unsupported"
        }
      ],
      "diagnostics": [
        {
          "severity": "warning",
          "code": "unsupported_compliance_operation",
          "message": "operation clear_tags is not supported by compliance reports",
          "plan_id": "plan_f8690c76cc62bd8c",
          "node_id": "node_810a976b823236df",
          "check_id": "check_0886badfc58122ef",
          "target": {
            "type": "synthetic",
            "key": "variant-1",
            "kind": "media_variant"
          }
        },
        {
          "severity": "warning",
          "code": "unsupported_compliance_operation",
          "message": "operation set_tag is not supported by compliance reports",
          "plan_id": "plan_f8690c76cc62bd8c",
          "node_id": "node_49b773aa85d91815",
          "check_id": "check_d63a7ae2ffd3836f",
          "target": {
            "type": "synthetic",
            "key": "variant-1",
            "kind": "media_variant"
          }
        },
        {
          "severity": "warning",
          "code": "unsupported_compliance_operation",
          "message": "operation delete_tag is not supported by compliance reports",
          "plan_id": "plan_f8690c76cc62bd8c",
          "node_id": "node_41195a59cc88f9d4",
          "check_id": "check_a34f4fd8e32b3b89",
          "target": {
            "type": "synthetic",
            "key": "variant-1",
            "kind": "media_variant"
          }
        }
      ],
      "provenance": {
        "reporter": "voom-plan",
        "format": "sprint6-v1"
      }
    },
    "issues": {
      "created_count": 1,
      "updated_count": 0,
      "resolved_count": 0,
      "skipped_count": 3
    },
    "execution": {
      "plan_id": "plan_f8690c76cc62bd8c",
      "report_id": "report_1ea8dec9b95c14ae",
      "job_id": "[job-id]",
      "submitted_node_count": 1,
      "skipped_no_op_count": 0,
      "blocked_count": 3,
      "dispatch_count": 0,
      "failure_count": 0,
      "per_operation": {}
    },
    "tickets": []
  },
  "local": {
    "db_url": "[db-url]",
    "config_path": "[config-path]"
  },
  "warnings": [],
  "error": {
    "code": "CONFIG_INVALID",
    "message": "config error: workflow root payload binding: remux requires file_version or file_location target, got Synthetic { key: \"variant-1\", kind: MediaVariant }"
  }
}
