---
source: crates/voom-cli/tests/compliance_envelope.rs
expression: json
---
{
  "schema_version": "0",
  "command": "compliance",
  "status": "error",
  "data": {
    "issues": {
      "created_count": 1,
      "updated_count": 0,
      "resolved_count": 0,
      "skipped_count": 3
    },
    "summary": {
      "job_id": "[job-id]",
      "branch_count": 1,
      "ticket_count": 1,
      "dispatch_count": 1,
      "retry_count": 0,
      "failure_count": 1,
      "peak_active_workflow_leases": 1,
      "per_operation": {
        "remux": {
          "ticket_count": 1,
          "dispatch_count": 1,
          "success_count": 0,
          "retry_count": 0,
          "failure_count": 1
        }
      }
    },
    "phases": [],
    "file_phases": []
  },
  "local": {
    "db_url": "[db-url]",
    "config_path": "[config-path]"
  },
  "warnings": [],
  "error": {
    "code": "CONFIG_INVALID",
    "message": "config error: remux target path already exists: [tmp-dir]/out/Movie.remux.mkv"
  }
}
