---
source: crates/voom-cli/tests/profile_envelope.rs
expression: json
---
{
  "schema_version": "0",
  "command": "profile",
  "status": "error",
  "data": null,
  "local": {
    "db_url": "[db-url]",
    "config_path": "[config-path]"
  },
  "warnings": [],
  "error": {
    "code": "NOT_FOUND",
    "message": "profile show: name=nope not found"
  }
}
